6158 [main] WARN  b.t.f.TgFlashcardsBotApplication - Bot started
